// Jest Snapshot v1, https://goo.gl/fbAQLP

exports[`remove 1`] = `
"DELETE FROM  test
WHERE  NOT (TRUE)"
`;
